{
  "userId": 1,
  "firstName": "Michael",
  "lastName": "Fritz",
  "age": 22,
  "roleId": 2
}