{
  "userId": 1,
  "firstName": "John",
  "lastName": "Smith",
  "age": 12,
  "roleId": 2
}